// Jest Snapshot v1, https://goo.gl/fbAQLP

exports[`SBaseInput doesnt show label if none is given 1`] = `
<div class="s-input">
  <!---->
</div>
`;

exports[`SBaseInput label is big when input has no content 1`] = `<div class="s-input"><span class="s-input__label">This is a lable</span> </div>`;

exports[`SBaseInput label is small when input has content 1`] = `<div class="s-input"><span class="s-input__label s-input__label--aside">This is a lable</span> </div>`;

exports[`SBaseInput label is small when input has content and focus 1`] = `<div class="s-input s-input--focus"><span class="s-input__label s-input__label--aside">This is a lable</span> </div>`;

exports[`SBaseInput label is small when input has focus 1`] = `<div class="s-input s-input--focus"><span class="s-input__label s-input__label--aside">This is a lable</span> </div>`;

exports[`SBaseInput renders content in slot 1`] = `
<div class="s-input">
  <!----> Content</div>
`;

exports[`SBaseInput shows label if set 1`] = `<div class="s-input"><span class="s-input__label">This is a lable</span> </div>`;
