// Jest Snapshot v1, https://goo.gl/fbAQLP

exports[`SInspector inspector is not showing 1`] = `undefined`;

exports[`SInspector inspector is visible and show header, content and footer content 1`] = `
<div class="s-inspector" name="slide-in">
  <form class="s-inspector__content">
    <div class="s-inspector__header">Header</div>
    <div class="s-inspector__main">Content</div>
    <div class="s-inspector__footer">Footer</div>
  </form>
</div>
`;
