// Jest Snapshot v1, https://goo.gl/fbAQLP

exports[`UiButton renders normal button 1`] = `<button class="ui-btn"><span tabindex="-1" class="ui-btn__content ui-btn__content--secondary"> <span>Normal button</span> </span></button>`;

exports[`UiButton renders primary button 1`] = `<button class="ui-btn"><span tabindex="-1" class="ui-btn__content ui-btn__content--main"> <span>Primary button</span> </span></button>`;

exports[`UiButton renders small button 1`] = `<button class="ui-btn ui-btn--small"><span tabindex="-1" class="ui-btn__content ui-btn__content--secondary"> <span>Small button</span> </span></button>`;
